openlibrary-portraits: processed 20, added 15; total added this run 15
wikipedia-covers: processed 12, added 0; total added this run 15
covers: processed 30, added 1; total added this run 16
portraits: processed 13, added 12; total added this run 28
openlibrary-portraits: processed 20, added 20; total added this run 48
covers: processed 30, added 0; total added this run 48
openlibrary-portraits: processed 20, added 18; total added this run 66
covers: processed 30, added 0; total added this run 66
google-covers: processed 1, added 0; total added this run 66
openlibrary-portraits: processed 20, added 15; total added this run 81
covers: processed 30, added 0; total added this run 81
openlibrary-portraits: processed 20, added 15; total added this run 96
wikipedia-covers: processed 11, added 0; total added this run 96
covers: processed 30, added 0; total added this run 96
portraits: processed 20, added 0; total added this run 96
openlibrary-portraits: processed 20, added 12; total added this run 108
covers: processed 30, added 0; total added this run 108
openlibrary-portraits: processed 20, added 7; total added this run 115
covers: processed 30, added 0; total added this run 115
google-covers: processed 1, added 0; total added this run 115
openlibrary-portraits: processed 20, added 11; total added this run 126
covers: processed 30, added 2; total added this run 128
openlibrary-portraits: processed 20, added 15; total added this run 143
wikipedia-covers: processed 11, added 0; total added this run 143
covers: processed 30, added 0; total added this run 143
portraits: processed 40, added 32; total added this run 175
openlibrary-portraits: processed 20, added 16; total added this run 191
covers: processed 30, added 3; total added this run 194
portraits: processed 40, added 29; total added this run 223
google-covers: processed 1, added 0; total added this run 223
openlibrary-portraits: processed 20, added 16; total added this run 239
covers: processed 30, added 0; total added this run 239
portraits: processed 18, added 12; total added this run 251
openlibrary-portraits: processed 20, added 11; total added this run 262
covers: processed 30, added 0; total added this run 262
openlibrary-portraits: processed 20, added 14; total added this run 276
covers: processed 30, added 2; total added this run 278
openlibrary-portraits: processed 20, added 11; total added this run 289
covers: processed 30, added 0; total added this run 289
openlibrary-portraits: processed 20, added 11; total added this run 300
covers: processed 30, added 0; total added this run 300
portraits: processed 40, added 24; total added this run 324
openlibrary-portraits: processed 20, added 9; total added this run 333
covers: processed 30, added 0; total added this run 333
portraits: processed 13, added 4; total added this run 337
openlibrary-portraits: processed 20, added 16; total added this run 353
covers: processed 30, added 0; total added this run 353
openlibrary-portraits: processed 20, added 10; total added this run 363
covers: processed 30, added 0; total added this run 363
openlibrary-portraits: processed 20, added 9; total added this run 372
covers: processed 30, added 0; total added this run 372
openlibrary-portraits: processed 20, added 9; total added this run 381
covers: processed 30, added 0; total added this run 381
portraits: processed 40, added 30; total added this run 411
openlibrary-portraits: processed 20, added 11; total added this run 422
covers: processed 30, added 1; total added this run 423
portraits: processed 35, added 20; total added this run 443
openlibrary-portraits: processed 20, added 8; total added this run 451
covers: processed 30, added 0; total added this run 451
openlibrary-portraits: processed 20, added 17; total added this run 468
covers: processed 30, added 2; total added this run 470
openlibrary-portraits: processed 20, added 14; total added this run 484
covers: processed 30, added 0; total added this run 484
openlibrary-portraits: processed 20, added 2; total added this run 486
covers: processed 30, added 0; total added this run 486
openlibrary-portraits: processed 20, added 1; total added this run 487
covers: processed 30, added 0; total added this run 487
openlibrary-portraits: processed 20, added 2; total added this run 489
covers: processed 30, added 0; total added this run 489
portraits: processed 40, added 12; total added this run 501
openlibrary-portraits: processed 20, added 1; total added this run 502
covers: processed 30, added 1; total added this run 503
openlibrary-portraits: processed 20, added 2; total added this run 505
covers: processed 30, added 0; total added this run 505
openlibrary-portraits: processed 20, added 0; total added this run 505
covers: processed 30, added 1; total added this run 506
openlibrary-portraits: processed 20, added 3; total added this run 509
covers: processed 30, added 0; total added this run 509
openlibrary-portraits: processed 20, added 8; total added this run 517
covers: processed 30, added 0; total added this run 517
openlibrary-portraits: processed 20, added 4; total added this run 521
covers: processed 30, added 0; total added this run 521
portraits: processed 40, added 31; total added this run 552
openlibrary-portraits: processed 20, added 8; total added this run 560
covers: processed 30, added 0; total added this run 560
portraits: processed 20, added 0; total added this run 560
openlibrary-portraits: processed 20, added 13; total added this run 573
covers: processed 30, added 0; total added this run 573
openlibrary-portraits: processed 20, added 13; total added this run 586
covers: processed 30, added 11; total added this run 597
openlibrary-portraits: processed 20, added 12; total added this run 609
covers: processed 30, added 24; total added this run 633
openlibrary-portraits: processed 20, added 9; total added this run 642
covers: processed 30, added 6; total added this run 648
openlibrary-portraits: processed 20, added 3; total added this run 651
covers: processed 30, added 4; total added this run 655
portraits: processed 40, added 29; total added this run 684
openlibrary-portraits: processed 20, added 5; total added this run 689
covers: processed 30, added 6; total added this run 695
portraits: processed 20, added 0; total added this run 695
openlibrary-portraits: processed 20, added 4; total added this run 699
covers: processed 30, added 19; total added this run 718
openlibrary-portraits: processed 10, added 0; total added this run 718
covers: processed 30, added 4; total added this run 722
portraits: processed 40, added 10; total added this run 732
openlibrary-portraits: processed 20, added 1; total added this run 733
covers: processed 30, added 1; total added this run 734
portraits: processed 20, added 0; total added this run 734
openlibrary-portraits: processed 18, added 4; total added this run 738
covers: processed 30, added 5; total added this run 743
portraits: processed 20, added 10; total added this run 753
openlibrary-portraits: processed 11, added 3; total added this run 756
covers: processed 30, added 0; total added this run 756
portraits: processed 39, added 17; total added this run 773
openlibrary-portraits: processed 5, added 1; total added this run 774
covers: processed 30, added 0; total added this run 774
portraits: processed 20, added 0; total added this run 774
openlibrary-portraits: processed 19, added 5; total added this run 779
covers: processed 30, added 0; total added this run 779
portraits: processed 20, added 0; total added this run 779
openlibrary-portraits: processed 20, added 2; total added this run 781
covers: processed 30, added 0; total added this run 781
portraits: processed 20, added 0; total added this run 781
openlibrary-portraits: processed 20, added 5; total added this run 786
covers: processed 30, added 0; total added this run 786
openlibrary-portraits: processed 7, added 0; total added this run 786
covers: processed 30, added 0; total added this run 786
openlibrary-portraits: processed 20, added 3; total added this run 789
covers: processed 30, added 0; total added this run 789
openlibrary-portraits: processed 20, added 1; total added this run 790
covers: processed 30, added 0; total added this run 790
openlibrary-portraits: processed 20, added 2; total added this run 792
covers: processed 30, added 5; total added this run 797
openlibrary-portraits: processed 15, added 4; total added this run 801
covers: processed 30, added 3; total added this run 804
