{"cycle": 1, "kind": "pages", "status": "starting"}
[1/50] found: The Roman Revolution — 568 pages
[2/50] found: A History of the Ancient Near East, ca. 3000–323 BC — 313 pages
[3/50] found: From Cyrus to Alexander: A History of the Persian Empire — 1206 pages
[4/50] found: Greece in the Making, 1200–479 BC — 400 pages
[5/50] found: Ancient Egypt: Anatomy of a Civilization — 383 pages
[6/50] no_exact_page_match: The Ancient Near East, c. 3000–330 BC
[7/50] found: Early India: From the Origins to AD 1300 — 555 pages
[8/50] found: The Peloponnesian War — 511 pages
[9/50] found: The Ancient Near East: History, Society and Economy — 626 pages
[10/50] no_exact_page_match: The Rise and Fall of Ancient Egypt
[11/50] found: The Fall of Rome and the End of Civilization — 260 pages
[12/50] found: The Fall of the Roman Empire — 584 pages
[13/50] no_exact_page_match: A History of Ancient Egypt
[14/50] found: Early Greece — 320 pages
[15/50] found: The Classical World: An Epic History of Greece and Rome — 683 pages
[16/50] found: Alexander to Actium: The Historical Evolution of the Hellenistic Age — 970 pages
[17/50] found: The Greek World, 479–323 BC — 354 pages
[18/50] found: The Greek World After Alexander, 323–30 BC — 568 pages
[19/50] found: The Ancient Economy — 262 pages
[20/50] no_exact_page_match: A History of Ancient and Early Medieval India
[21/50] found: The Wonder That Was India — 568 pages
[22/50] found: India's Ancient Past — 400 pages
[23/50] found: The Roman Republic — 256 pages
[24/50] found: The Hellenistic World and the Coming of Rome — 862 pages
[25/50] found: War and Imperialism in Republican Rome, 327–70 BC — 293 pages
[26/50] ambiguous: From the Gracchi to Nero
[27/50] no_exact_page_match: Italian Manpower, 225 BC–AD 14
[28/50] found: The Greeks and the Irrational — 327 pages
[29/50] found: Ancient History: Evidence and Models — 131 pages
[30/50] found: The Origins of Greek Thought — 144 pages
[31/50] no_exact_page_match: The Athenian Democracy in the Age of Demosthenes
[32/50] found: The Spartans — 288 pages
[33/50] found: Rubicon: The Triumph and Tragedy of the Roman Republic — 432 pages
[34/50] found: Mortal Republic — 352 pages
[35/50] found: Caesar: Life of a Colossus — 608 pages
[36/50] found: The Later Roman Empire, 284–602 — 1020 pages
[37/50] no_exact_page_match: The Roman Empire at Bay, AD 180–395
[38/50] found: The Fate of Rome — 440 pages
[39/50] no_exact_page_match: Through the Eye of a Needle
[40/50] found: The Power of Images in the Age of Augustus — 385 pages
[41/50] ambiguous: The Emperor in the Roman World (31 BC–AD 337)
[42/50] found: Conquerors and Slaves — 268 pages
[43/50] found: Rome: An Empire's Story — 384 pages
[44/50] found: Ghost on the Throne — 416 pages
[45/50] found: Dividing the Spoils — 304 pages
[46/50] found: Conquest and Empire: The Reign of Alexander the Great — 346 pages
[47/50] no_exact_page_match: Alexander of Macedon, 356–323 B.C.
[48/50] found: The Greeks Overseas — 288 pages
[49/50] found: Ancient Persia: A Concise History of the Achaemenid Empire — 274 pages
[50/50] found: The Persian Empire: A Corpus of Sources from the Achaemenid Period — 496 pages
{
  "queued": 50,
  "saved": 39,
  "processed": 50,
  "found": 39,
  "no_exact_page_match": 9,
  "ambiguous": 2,
  "provider_errors": 0,
  "states": {
    "complete": 4122,
    "identity_review": 47,
    "pending": 278,
    "unresolved": 3236
  },
  "next_retry": null
}
{"cycle": 1, "kind": "covers", "status": "starting"}
[1522] openlibrary_no_safe_cover; internet_archive_no_safe_cover — Dhammapada
[1529] openlibrary_no_safe_cover; internet_archive_no_safe_cover — Guru Granth Sahib
[1535] openlibrary_no_safe_cover; internet_archive_no_safe_cover — Ramavataram
[1534] openlibrary_no_safe_cover; internet_archive_no_safe_cover — Raag Darbari
[1548] openlibrary_no_safe_cover; internet_archive_no_safe_cover — The Little Clay Cart
[1550] openlibrary_no_safe_cover; internet_archive_no_safe_cover — Kosala
[1554] openlibrary_no_safe_cover; internet_archive_no_safe_cover — Aparajito
[1555] openlibrary_no_safe_cover; internet_archive_no_safe_cover — Diwan-e-Ghalib
[1558] openlibrary_no_safe_cover; internet_archive_no_safe_cover — Mookajji's Visions
[1557] openlibrary_no_safe_cover; internet_archive_no_safe_cover — Yayati
[1559] openlibrary_ambiguous; internet_archive_no_safe_cover — Malegalalli Madumagalu
[1560] openlibrary_no_safe_cover; internet_archive_no_safe_cover — Sursagar
[1561] openlibrary_no_safe_cover; internet_archive_no_safe_cover — Madhorubhagan
[1564] openlibrary_no_safe_cover; internet_archive_no_safe_cover — Purananuru
[1562] openlibrary_no_safe_cover; internet_archive_no_safe_cover — Ret Samadhi
[1567] openlibrary_no_safe_cover; internet_archive_no_safe_cover — Pathumma's Goat
[1575] openlibrary_no_safe_cover; internet_archive_no_safe_cover — Padmavat
[1576] openlibrary_no_safe_cover; internet_archive_no_safe_cover — Zindaginama
[1577] openlibrary_no_safe_cover; internet_archive_no_safe_cover — Shekhar: Ek Jivani
[1578] openlibrary_no_safe_cover; internet_archive_no_safe_cover — Deewar Mein Ek Khirki Rehti Thi
[1582] openlibrary_no_safe_cover; internet_archive_no_safe_cover — Baluta
[1586] openlibrary_no_safe_cover; internet_archive_no_safe_cover — Untouchable Spring
[1583] openlibrary_no_safe_cover; internet_archive_no_safe_cover — Karukku
[1595] openlibrary_no_safe_cover; internet_archive_no_safe_cover — Manvini Bhavai
[1594] openlibrary_no_safe_cover; internet_archive_no_safe_cover — Odalaala
[1722] openlibrary_no_safe_cover; internet_archive_no_safe_cover — Children's and Household Tales
[1597] openlibrary_no_safe_cover; internet_archive_no_safe_cover — Manimekalai
[1792] openlibrary_no_safe_cover; internet_archive_no_safe_cover — Visitation
[1748] openlibrary_no_safe_cover; internet_archive_no_safe_cover — The Life and Opinions of the Tomcat Murr
[1800] openlibrary_no_safe_cover; internet_archive_no_safe_cover — Where You Come From
[1801] openlibrary_no_safe_cover; internet_archive_no_safe_cover — The Tower
[1803] covered — The Roman Revolution
[1805] covered — From Cyrus to Alexander: A History of the Persian Empire
[1804] openlibrary_no_safe_cover; internet_archive_no_safe_cover — A History of the Ancient Near East, ca. 3000–323 BC
[1807] openlibrary_no_safe_cover; internet_archive_no_safe_cover — The Cambridge Ancient History
[1806] openlibrary_no_safe_cover; internet_archive_no_safe_cover — Ian Shaw, ed.
[1808] covered — Greece in the Making, 1200–479 BC
[1809] covered — Ancient Egypt: Anatomy of a Civilization
[1812] openlibrary_no_safe_cover; internet_archive_no_safe_cover — The Ancient Near East, c. 3000–330 BC
[1814] openlibrary_no_safe_cover; internet_archive_no_safe_cover — Sarah B. Pomeroy et al.
[1816] covered — Early India: From the Origins to AD 1300
[1817] covered — The Peloponnesian War
[1818] covered — The Ancient Near East: History, Society and Economy
[1820] covered — The Fall of Rome and the End of Civilization
[1821] openlibrary_no_safe_cover; internet_archive_no_safe_cover — Michael Loewe & Edward L. Shaughnessy, eds.
[1819] covered — The Rise and Fall of Ancient Egypt
[1823] openlibrary_no_safe_cover; internet_archive_no_safe_cover — A History of Ancient Egypt
[1824] covered — Early Greece
[1825] covered — The Classical World: An Epic History of Greece and Rome
[1822] openlibrary_cover_error: The read operation timed out; internet_archive_no_safe_cover — The Fall of the Roman Empire
{
  "queued": 50,
  "covered": 11,
  "processed": 50,
  "openlibrary_no_safe_cover; internet_archive_no_safe_cover": 37,
  "openlibrary_ambiguous; internet_archive_no_safe_cover": 1,
  "openlibrary_cover_error": 1,
  "provider_errors": 1,
  "states": {
    "complete": 3877,
    "pending": 2207,
    "retry_exhausted": 239,
    "retryable": 43,
    "unresolved": 412
  },
  "next_retry": 0.0
}
{"cycle": 2, "kind": "pages", "status": "starting"}
[1/50] found: Persians: The Age of the Great Kings — 416 pages
[2/50] found: Ancient Persia — 344 pages
[3/50] no_exact_page_match: A History of Ancient Persia: The Achaemenid Empire
[4/50] found: A History of Ancient Egypt — 424 pages
[5/50] found: The Mind of Egypt — 528 pages
[6/50] found: The History of Rome — 649 pages
[7/50] found: Ancient Iraq — 496 pages
[8/50] found: Weavers, Scribes, and Kings — 672 pages
[9/50] found: Assyria: The Rise and Fall of the World's First Empire — 528 pages
[10/50] found: Early Mesopotamia: Society and Economy at the Dawn of History — 367 pages
[11/50] found: Sumer and the Sumerians — 262 pages
[12/50] no_exact_page_match: An Introduction to the Study of Indian History
[13/50] found: Aśoka and the Decline of the Mauryas — 285 pages
[14/50] found: India: The Ancient Past — 332 pages
[15/50] found: Ancient China in Transition — 238 pages
[16/50] no_exact_page_match: A Brief History of Ancient China
[17/50] found: Chinese Society in the Age of Confucius — 570 pages
[18/50] found: Archaeology of the Chinese Bronze Age — 232 pages
[19/50] no_exact_page_match: History of the Qin and Han (秦汉史)
[20/50] found: Against the Grain — 312 pages
[21/50] no_exact_page_match: Europe Between the Oceans, 9000 BC–AD 1000
[22/50] found: Carthage Must Be Destroyed — 520 pages
[23/50] found: The Phoenicians and the West — 366 pages
[24/50] no_exact_page_match: The Ancient Celts
[25/50] no_exact_page_match: The World of the Scythians
[26/50] found: Wretched Kush — 252 pages
[27/50] found: The Kingdom of Kush — 240 pages
[28/50] no_exact_page_match: Foundations of an African Civilisation: Aksum & the Northern Horn
[29/50] found: The Origins of Ancient Vietnam — 377 pages
[30/50] no_exact_page_match: The World of Late Antiquity
[31/50] no_exact_page_match: The Beginnings of Rome
[32/50] found: The Last Generation of the Roman Republic — 596 pages
[33/50] no_exact_page_match: The Social and Economic History of the Roman Empire
[34/50] found: Enemies of the Roman Order — 377 pages
[35/50] found: Italian Manpower 225 B.C.–A.D. 14 — 756 pages
[36/50] ambiguous: Rome's Cultural Revolution
[37/50] found: Imperial Ideology and Provincial Loyalty in the Roman Empire — 494 pages
[38/50] no_exact_page_match: The Roman Near East, 31 BC–AD 337
[39/50] no_exact_page_match: Personal Patronage under the Early Empire
[40/50] no_exact_page_match: War and Imperialism in Republican Rome, 327–70 B.C.
[41/50] found: Becoming Roman: The Origins of Provincial Civilization in Gaul — 305 pages
[42/50] no_exact_page_match: The Limits of Empire: The Roman Army in the East
[43/50] found: Rome at War: Farms, Families, and Death in the Middle Republic — 332 pages
[44/50] found: Roman Republics — 224 pages
[45/50] found: Mass Oratory and Political Power in the Late Roman Republic — 329 pages
[46/50] found: Plebs and Politics in the Late Roman Republic — 164 pages
[47/50] ambiguous: Reconstructing the Roman Republic
[48/50] no_exact_page_match: The Roman Republic
[49/50] found: Tacitus — 856 pages
[50/50] found: A Critical History of Early Rome — 416 pages
{
  "queued": 50,
  "saved": 32,
  "processed": 50,
  "found": 32,
  "no_exact_page_match": 16,
  "ambiguous": 2,
  "provider_errors": 0,
  "states": {
    "complete": 4154,
    "identity_review": 47,
    "pending": 228,
    "unresolved": 3254
  },
  "next_retry": null
}
{"cycle": 2, "kind": "covers", "status": "starting"}
[1826] covered — Alexander to Actium: The Historical Evolution of the Hellenistic Age
[1827] covered — The Greek World, 479–323 BC
[1828] covered — The Greek World After Alexander, 323–30 BC
[1829] covered — The Ancient Economy
[1830] covered — A History of Ancient and Early Medieval India
[1831] covered — The Wonder That Was India
[1832] openlibrary_no_safe_cover; internet_archive_no_safe_cover — Peregrine Horden & Nicholas Purcell
[1833] covered — India's Ancient Past
[1835] covered — The Roman Republic
[1836] covered — The Hellenistic World and the Coming of Rome
[1837] covered — War and Imperialism in Republican Rome, 327–70 BC
[1838] covered — From the Gracchi to Nero
[1839] openlibrary_no_safe_cover; internet_archive_no_safe_cover — Italian Manpower, 225 BC–AD 14
[1840] covered — The Greeks and the Irrational
[1841] covered — Ancient History: Evidence and Models
[1842] covered — The Origins of Greek Thought
[1844] covered — The Spartans
[1843] covered — The Athenian Democracy in the Age of Demosthenes
[1845] covered — Rubicon: The Triumph and Tragedy of the Roman Republic
[1846] covered — Mortal Republic
[1847] covered — Caesar: Life of a Colossus
[1848] covered — The Later Roman Empire, 284–602
[1850] covered — The Fate of Rome
[1849] openlibrary_no_safe_cover; internet_archive_no_safe_cover — The Roman Empire at Bay, AD 180–395
[1852] covered — The Power of Images in the Age of Augustus
[1851] openlibrary_no_safe_cover; internet_archive_no_safe_cover — Through the Eye of a Needle
[1853] covered — The Emperor in the Roman World (31 BC–AD 337)
[1854] covered — Conquerors and Slaves
[1856] covered — Rome: An Empire's Story
[1857] covered — Ghost on the Throne
[1858] covered — Dividing the Spoils
[1859] covered — Conquest and Empire: The Reign of Alexander the Great
[1860] openlibrary_no_safe_cover; internet_archive_no_safe_cover — Alexander of Macedon, 356–323 B.C.
[1861] covered — The Greeks Overseas
[1862] covered — Ancient Persia: A Concise History of the Achaemenid Empire
[1863] covered — The Persian Empire: A Corpus of Sources from the Achaemenid Period
[1864] covered — Persians: The Age of the Great Kings
[1865] covered — Ancient Persia
[1866] openlibrary_no_safe_cover; internet_archive_no_safe_cover — A History of Ancient Persia: The Achaemenid Empire
[1867] covered — A History of Ancient Egypt
[1868] covered — The Mind of Egypt
[1869] openlibrary_no_safe_cover; internet_archive_no_safe_cover — John Baines & Jaromír Málek
[1871] covered — The History of Rome
[1870] openlibrary_no_safe_cover; internet_archive_no_safe_cover — B. G. Trigger et al.
[1872] covered — Ancient Iraq
[1874] covered — Assyria: The Rise and Fall of the World's First Empire
[1873] openlibrary_no_safe_cover; internet_archive_no_safe_cover — Weavers, Scribes, and Kings
[1875] covered — Early Mesopotamia: Society and Economy at the Dawn of History
[1876] covered — Sumer and the Sumerians
[1877] openlibrary_no_safe_cover; internet_archive_no_safe_cover — An Introduction to the Study of Indian History
{
  "queued": 50,
  "covered": 40,
  "processed": 50,
  "openlibrary_no_safe_cover; internet_archive_no_safe_cover": 10,
  "provider_errors": 0,
  "states": {
    "complete": 3917,
    "pending": 2157,
    "retry_exhausted": 239,
    "retryable": 43,
    "unresolved": 422
  },
  "next_retry": 0.0
}
{"cycle": 3, "kind": "pages", "status": "starting"}
[1/50] found: Mortal Republic: How Rome Fell into Tyranny — 352 pages
[2/50] no_exact_page_match: Julius Caesar and the Roman People
[3/50] found: Augustan Culture: An Interpretive Introduction — 474 pages
[4/50] no_exact_page_match: Res Gestae Divi Augusti: Text, Translation, and Commentary
[5/50] found: The Crowd in Rome in the Late Republic — 249 pages
[6/50] found: Party Politics in the Age of Caesar — 255 pages
[7/50] found: The Myths of Rome — 390 pages
[8/50] found: Social Conflicts in the Roman Republic — 164 pages
[9/50] found: The Fall of Carthage — 416 pages
[10/50] found: Hannibal's War — 340 pages
[11/50] found: Mastering the West: Rome and Carthage at War — 360 pages
[12/50] found: Mediterranean Anarchy, Interstate War, and the Rise of Rome — 389 pages
[13/50] no_exact_page_match: The Roman Army at War, 100 BC–AD 200
[14/50] found: The Making of the Roman Army — 288 pages
[15/50] no_exact_page_match: The Roman Army, 31 BC–AD 337: A Sourcebook
[16/50] found: Soldiers and Ghosts: A History of Battle in Classical Antiquity — 480 pages
[17/50] found: Empire of Honour: The Art of Government in the Roman World — 326 pages
[18/50] found: The Roman Empire from Severus to Constantine — 401 pages
[19/50] found: Imperial Rome AD 193 to 284: The Critical Century — 272 pages
[20/50] found: Imperial Rome AD 284 to 363: The New Empire — 384 pages
[21/50] found: Pagans and Christians — 799 pages
[22/50] found: Roman Social Relations, 50 B.C. to A.D. 284 — 212 pages
[23/50] ambiguous: The Last Pagans of Rome
[24/50] found: The Later Roman Empire, AD 284–430 — 238 pages
[25/50] no_exact_page_match: History of the Later Roman Empire
[26/50] found: Western Aristocracies and Imperial Court, A.D. 364–425 — 445 pages
[27/50] found: Imperialism, Power, and Identity: Experiencing the Roman Empire — 371 pages
[28/50] found: Rome and the Enemy — 268 pages
[29/50] found: The Romanization of Britain — 255 pages
[30/50] no_exact_page_match: An Imperial Possession: Britain in the Roman Empire
[31/50] found: The Roman Market Economy — 319 pages
[32/50] found: The Economy of the Roman Empire — 414 pages
[33/50] found: Death and Renewal — 290 pages
[34/50] found: Invisible Romans — 400 pages
[35/50] found: The Stripping of the Altars — 654 pages
[36/50] no_exact_page_match: Anglo-Saxon England
[37/50] found: Britons: Forging the Nation 1707–1837 — 432 pages
[38/50] found: A Polite and Commercial People: England 1727–1783 — 803 pages
[39/50] found: From Memory to Written Record: England 1066–1307 — 384 pages
[40/50] no_exact_page_match: A Mad, Bad, and Dangerous People? England 1783–1846
[41/50] found: The Struggle for Mastery: Britain 1066–1284 — 628 pages
[42/50] no_exact_page_match: English Social History
[43/50] found: English Society 1580–1680 — 276 pages
[44/50] found: Tudor England — 582 pages
[45/50] found: New Worlds, Lost Worlds: The Rule of the Tudors 1485–1603 — 448 pages
[46/50] found: England in the Later Middle Ages — 496 pages
[47/50] found: Shaping the Nation: England 1360–1461 — 728 pages
[48/50] found: Heretics and Believers: A History of the English Reformation — 672 pages
[49/50] found: Victorian Cities — 416 pages
[50/50] found: The Sinews of Power: War, Money and the English State, 1688–1783 — 311 pages
{
  "queued": 50,
  "saved": 40,
  "processed": 50,
  "found": 40,
  "no_exact_page_match": 9,
  "ambiguous": 1,
  "provider_errors": 0,
  "states": {
    "complete": 4194,
    "identity_review": 47,
    "pending": 178,
    "unresolved": 3264
  },
  "next_retry": null
}
{"cycle": 3, "kind": "covers", "status": "starting"}
[1878] covered — Aśoka and the Decline of the Mauryas
[1879] openlibrary_no_safe_cover; internet_archive_no_safe_cover — Bridget & Raymond Allchin
[1880] openlibrary_no_safe_cover; internet_archive_no_safe_cover — India: The Ancient Past
[1881] covered — Ancient China in Transition
[1882] openlibrary_no_safe_cover; internet_archive_no_safe_cover — A Brief History of Ancient China
[1883] openlibrary_no_safe_cover; internet_archive_no_safe_cover — Li Liu & Xingcan Chen
[1884] openlibrary_no_safe_cover; internet_archive_no_safe_cover — Chinese Society in the Age of Confucius
[1885] openlibrary_no_safe_cover; internet_archive_no_safe_cover — Archaeology of the Chinese Bronze Age
[1886] openlibrary_no_safe_cover; internet_archive_no_safe_cover — Denis Twitchett & Michael Loewe, eds.
{"status": "stopped", "pid": 56312, "batches": 3, "last_batch": [{"kind": "pages", "queued": 50, "saved": 40, "processed": 50, "found": 40, "no_exact_page_match": 9, "ambiguous": 1, "provider_errors": 0, "states": {"complete": 4194, "identity_review": 47, "pending": 178, "unresolved": 3264}, "next_retry": null}], "finished_at": 1790624728.7680151}
