{"work_id": 1803, "title": "The Roman Revolution", "saved_work_id": 1803}
{"work_id": 1804, "title": "A History of the Ancient Near East, ca. 3000–323 BC", "saved_work_id": 1804}
{"work_id": 1805, "title": "From Cyrus to Alexander: A History of the Persian Empire", "saved_work_id": 1805}
{"work_id": 1808, "title": "Greece in the Making, 1200–479 BC", "saved_work_id": 1808}
{"work_id": 1809, "title": "Ancient Egypt: Anatomy of a Civilization", "saved_work_id": 1809}
{"work_id": 1810, "title": "The Early Chinese Empires: Qin and Han", "saved_work_id": 1917}
{"work_id": 1811, "title": "The World of Late Antiquity: AD 150–750", "saved_work_id": 8796}
{"work_id": 1812, "title": "The Ancient Near East, c. 3000–330 BC", "saved_work_id": 1812}
{"work_id": 1813, "title": "1177 B.C.: The Year Civilization Collapsed", "saved_work_id": 2680}
{"work_id": 1815, "title": "Early China: A Social and Cultural History", "saved_work_id": 1918}
{"work_id": 1816, "title": "Early India: From the Origins to AD 1300", "saved_work_id": 1816}
{"work_id": 1817, "title": "The Peloponnesian War", "saved_work_id": 1817}
{"work_id": 1818, "title": "The Ancient Near East: History, Society and Economy", "saved_work_id": 1818}
{"work_id": 1819, "title": "The Rise and Fall of Ancient Egypt", "saved_work_id": 1819}
{"work_id": 1820, "title": "The Fall of Rome and the End of Civilization", "saved_work_id": 1820}
{"work_id": 1822, "title": "The Fall of the Roman Empire", "saved_work_id": 1822}
{"work_id": 1823, "title": "A History of Ancient Egypt", "saved_work_id": 1823}
{"work_id": 1824, "title": "Early Greece", "saved_work_id": 1824}
{"work_id": 1825, "title": "The Classical World: An Epic History of Greece and Rome", "saved_work_id": 1825}
{"work_id": 1826, "title": "Alexander to Actium: The Historical Evolution of the Hellenistic Age", "saved_work_id": 1826}
{"work_id": 1827, "title": "The Greek World, 479–323 BC", "saved_work_id": 1827}
{"work_id": 1828, "title": "The Greek World After Alexander, 323–30 BC", "saved_work_id": 1828}
{"work_id": 1829, "title": "The Ancient Economy", "saved_work_id": 1829}
{"work_id": 1830, "title": "A History of Ancient and Early Medieval India", "saved_work_id": 1830}
{"work_id": 1831, "title": "The Wonder That Was India", "saved_work_id": 1831}
{"work_id": 1833, "title": "India's Ancient Past", "saved_work_id": 1833}
{"work_id": 1835, "title": "The Roman Republic", "saved_work_id": 1835}
{"work_id": 1836, "title": "The Hellenistic World and the Coming of Rome", "saved_work_id": 1836}
{"work_id": 1837, "title": "War and Imperialism in Republican Rome, 327–70 BC", "saved_work_id": 1837}
{"work_id": 1838, "title": "From the Gracchi to Nero", "saved_work_id": 1838}
{"work_id": 1839, "title": "Italian Manpower, 225 BC–AD 14", "saved_work_id": 1839}
{"work_id": 1840, "title": "The Greeks and the Irrational", "saved_work_id": 1840}
{"work_id": 1841, "title": "Ancient History: Evidence and Models", "saved_work_id": 1841}
{"work_id": 1842, "title": "The Origins of Greek Thought", "saved_work_id": 1842}
{"work_id": 1843, "title": "The Athenian Democracy in the Age of Demosthenes", "saved_work_id": 1843}
{"work_id": 1844, "title": "The Spartans", "saved_work_id": 1844}
{"work_id": 1845, "title": "Rubicon: The Triumph and Tragedy of the Roman Republic", "saved_work_id": 1845}
{"work_id": 1846, "title": "Mortal Republic", "saved_work_id": 1846}
{"work_id": 1847, "title": "Caesar: Life of a Colossus", "saved_work_id": 1847}
{"work_id": 1848, "title": "The Later Roman Empire, 284–602", "saved_work_id": 1848}
{"work_id": 1849, "title": "The Roman Empire at Bay, AD 180–395", "saved_work_id": 1849}
{"work_id": 1850, "title": "The Fate of Rome", "saved_work_id": 1850}
{"work_id": 1851, "title": "Through the Eye of a Needle", "saved_work_id": 1851}
{"work_id": 1852, "title": "The Power of Images in the Age of Augustus", "saved_work_id": 1852}
{"work_id": 1853, "title": "The Emperor in the Roman World (31 BC–AD 337)", "saved_work_id": 1853}
{"work_id": 1854, "title": "Conquerors and Slaves", "saved_work_id": 1854}
{"work_id": 1855, "title": "The History of the Decline and Fall of the Roman Empire", "saved_work_id": 608}
{"work_id": 1856, "title": "Rome: An Empire's Story", "saved_work_id": 1856}
{"work_id": 1857, "title": "Ghost on the Throne", "saved_work_id": 1857}
{"work_id": 1858, "title": "Dividing the Spoils", "saved_work_id": 1858}
{"work_id": 1859, "title": "Conquest and Empire: The Reign of Alexander the Great", "saved_work_id": 1859}
{"work_id": 1860, "title": "Alexander of Macedon, 356–323 B.C.", "saved_work_id": 1860}
{"work_id": 1861, "title": "The Greeks Overseas", "saved_work_id": 1861}
{"work_id": 1862, "title": "Ancient Persia: A Concise History of the Achaemenid Empire", "saved_work_id": 1862}
{"work_id": 1863, "title": "The Persian Empire: A Corpus of Sources from the Achaemenid Period", "saved_work_id": 1863}
{"work_id": 1864, "title": "Persians: The Age of the Great Kings", "saved_work_id": 1864}
{"work_id": 1865, "title": "Ancient Persia", "saved_work_id": 1865}
{"work_id": 1866, "title": "A History of Ancient Persia: The Achaemenid Empire", "saved_work_id": 1866}
{"work_id": 1867, "title": "A History of Ancient Egypt", "saved_work_id": 1867}
{"work_id": 1868, "title": "The Mind of Egypt", "saved_work_id": 1868}
{"work_id": 1871, "title": "The History of Rome", "saved_work_id": 1871}
{"work_id": 1872, "title": "Ancient Iraq", "saved_work_id": 1872}
{"work_id": 1873, "title": "Weavers, Scribes, and Kings", "saved_work_id": 1873}
{"work_id": 1874, "title": "Assyria: The Rise and Fall of the World's First Empire", "saved_work_id": 1874}
{"work_id": 1875, "title": "Early Mesopotamia: Society and Economy at the Dawn of History", "saved_work_id": 1875}
{"work_id": 1876, "title": "Sumer and the Sumerians", "saved_work_id": 1876}
{"work_id": 1877, "title": "An Introduction to the Study of Indian History", "saved_work_id": 1877}
{"work_id": 1878, "title": "Aśoka and the Decline of the Mauryas", "saved_work_id": 1878}
{"work_id": 1880, "title": "India: The Ancient Past", "saved_work_id": 1880}
{"work_id": 1881, "title": "Ancient China in Transition", "saved_work_id": 1881}
{"work_id": 1882, "title": "A Brief History of Ancient China", "saved_work_id": 1882}
{"work_id": 1884, "title": "Chinese Society in the Age of Confucius", "saved_work_id": 1884}
{"work_id": 1885, "title": "Archaeology of the Chinese Bronze Age", "saved_work_id": 1885}
{"work_id": 1887, "title": "History of the Qin and Han (秦汉史)", "saved_work_id": 1887}
{"work_id": 1888, "title": "Against the Grain", "saved_work_id": 1888}
{"work_id": 1889, "title": "The Horse, the Wheel, and Language", "saved_work_id": 4518}
{"work_id": 1890, "title": "Europe Between the Oceans, 9000 BC–AD 1000", "saved_work_id": 1890}
{"work_id": 1892, "title": "Carthage Must Be Destroyed", "saved_work_id": 1892}
{"work_id": 1893, "title": "The Phoenicians and the West", "saved_work_id": 1893}
{"work_id": 1894, "title": "The Ancient Celts", "saved_work_id": 1894}
{"work_id": 1895, "title": "The World of the Scythians", "saved_work_id": 1895}
{"work_id": 1896, "title": "Wretched Kush", "saved_work_id": 1896}
{"work_id": 1897, "title": "The Kingdom of Kush", "saved_work_id": 1897}
{"work_id": 1898, "title": "Foundations of an African Civilisation: Aksum & the Northern Horn", "saved_work_id": 1898}
{"work_id": 1899, "title": "The Origins of Ancient Vietnam", "saved_work_id": 1899}
{"work_id": 2145, "title": "The World of Late Antiquity", "saved_work_id": 2145}
{"work_id": 2146, "title": "The Beginnings of Rome", "saved_work_id": 2146}
{"work_id": 2147, "title": "The Last Generation of the Roman Republic", "saved_work_id": 2147}
{"work_id": 2149, "title": "The Social and Economic History of the Roman Empire", "saved_work_id": 2149}
{"work_id": 2151, "title": "Enemies of the Roman Order", "saved_work_id": 2151}
{"work_id": 2157, "title": "Italian Manpower 225 B.C.–A.D. 14", "saved_work_id": 2157}
{"work_id": 2158, "title": "Rome's Cultural Revolution", "saved_work_id": 2158}
{"work_id": 2159, "title": "Imperial Ideology and Provincial Loyalty in the Roman Empire", "saved_work_id": 2159}
{"work_id": 2160, "title": "The Roman Near East, 31 BC–AD 337", "saved_work_id": 2160}
{"work_id": 2162, "title": "Personal Patronage under the Early Empire", "saved_work_id": 2162}
{"work_id": 2165, "title": "War and Imperialism in Republican Rome, 327–70 B.C.", "saved_work_id": 2165}
{"work_id": 2166, "title": "Becoming Roman: The Origins of Provincial Civilization in Gaul", "saved_work_id": 2166}
{"work_id": 2167, "title": "The Limits of Empire: The Roman Army in the East", "saved_work_id": 2167}
{"work_id": 2168, "title": "Rome at War: Farms, Families, and Death in the Middle Republic", "saved_work_id": 2168}
{"work_id": 2169, "title": "Roman Republics", "saved_work_id": 2169}
{"work_id": 2170, "title": "Mass Oratory and Political Power in the Late Roman Republic", "saved_work_id": 2170}
{"work_id": 2171, "title": "Plebs and Politics in the Late Roman Republic", "saved_work_id": 2171}
{"work_id": 2172, "title": "Reconstructing the Roman Republic", "saved_work_id": 2172}
{"work_id": 2173, "title": "The Roman Republic", "saved_work_id": 2173}
{"work_id": 2174, "title": "A Critical History of Early Rome", "saved_work_id": 2174}
{"work_id": 2177, "title": "Tacitus", "saved_work_id": 2177}
{"work_id": 2178, "title": "Rubicon: The Last Years of the Roman Republic", "saved_work_id": 2619}
{"work_id": 2179, "title": "Mortal Republic: How Rome Fell into Tyranny", "saved_work_id": 2179}
{"work_id": 2180, "title": "Julius Caesar and the Roman People", "saved_work_id": 2180}
{"work_id": 2182, "title": "Augustan Culture: An Interpretive Introduction", "saved_work_id": 2182}
{"work_id": 2183, "title": "Res Gestae Divi Augusti: Text, Translation, and Commentary", "saved_work_id": 2183}
{"work_id": 2185, "title": "The Crowd in Rome in the Late Republic", "saved_work_id": 2185}
{"work_id": 2186, "title": "Party Politics in the Age of Caesar", "saved_work_id": 2186}
{"work_id": 2187, "title": "The Myths of Rome", "saved_work_id": 2187}
{"work_id": 2188, "title": "Social Conflicts in the Roman Republic", "saved_work_id": 2188}
{"work_id": 2189, "title": "The Fall of Carthage", "saved_work_id": 2189}
{"work_id": 2190, "title": "Hannibal's War", "saved_work_id": 2190}
{"work_id": 2191, "title": "Mastering the West: Rome and Carthage at War", "saved_work_id": 2191}
{"work_id": 2192, "title": "Mediterranean Anarchy, Interstate War, and the Rise of Rome", "saved_work_id": 2192}
{"work_id": 2193, "title": "The Roman Army at War, 100 BC–AD 200", "saved_work_id": 2193}
{"work_id": 2194, "title": "The Making of the Roman Army", "saved_work_id": 2194}
{"work_id": 2195, "title": "The Roman Army, 31 BC–AD 337: A Sourcebook", "saved_work_id": 2195}
{"work_id": 2196, "title": "Soldiers and Ghosts: A History of Battle in Classical Antiquity", "saved_work_id": 2196}
{"work_id": 2197, "title": "Empire of Honour: The Art of Government in the Roman World", "saved_work_id": 2197}
{"work_id": 2198, "title": "The Roman Empire from Severus to Constantine", "saved_work_id": 2198}
{"work_id": 2199, "title": "Imperial Rome AD 193 to 284: The Critical Century", "saved_work_id": 2199}
{"work_id": 2200, "title": "Imperial Rome AD 284 to 363: The New Empire", "saved_work_id": 2200}
{"work_id": 2201, "title": "Pagans and Christians", "saved_work_id": 2201}
{"work_id": 2203, "title": "Roman Social Relations, 50 B.C. to A.D. 284", "saved_work_id": 2203}
{"work_id": 2204, "title": "Augustine of Hippo: A Biography", "saved_work_id": 8165}
{"work_id": 2205, "title": "The Last Pagans of Rome", "saved_work_id": 2205}
{"work_id": 2206, "title": "The Later Roman Empire, AD 284–430", "saved_work_id": 2206}
{"work_id": 2207, "title": "Barbarian Migrations and the Roman West, 376–568", "saved_work_id": 4343}
{"work_id": 2208, "title": "History of the Later Roman Empire", "saved_work_id": 2208}
{"work_id": 2209, "title": "Western Aristocracies and Imperial Court, A.D. 364–425", "saved_work_id": 2209}
{"work_id": 2210, "title": "Imperialism, Power, and Identity: Experiencing the Roman Empire", "saved_work_id": 2210}
{"work_id": 2211, "title": "Rome and the Enemy", "saved_work_id": 2211}
{"work_id": 2212, "title": "The Romanization of Britain", "saved_work_id": 2212}
{"work_id": 2213, "title": "An Imperial Possession: Britain in the Roman Empire", "saved_work_id": 2213}
{"work_id": 2215, "title": "The Roman Market Economy", "saved_work_id": 2215}
{"work_id": 2216, "title": "The Economy of the Roman Empire", "saved_work_id": 2216}
{"work_id": 2218, "title": "Death and Renewal", "saved_work_id": 2218}
{"work_id": 2220, "title": "Invisible Romans", "saved_work_id": 2220}
{"work_id": 2481, "title": "The Making of the English Working Class", "saved_work_id": 192}
{"work_id": 2482, "title": "Religion and the Decline of Magic", "saved_work_id": 4547}
{"work_id": 2483, "title": "The Stripping of the Altars", "saved_work_id": 2483}
{"work_id": 2484, "title": "Anglo-Saxon England", "saved_work_id": 2484}
{"work_id": 2485, "title": "Britons: Forging the Nation 1707–1837", "saved_work_id": 2485}
{"work_id": 2486, "title": "The World Turned Upside Down", "saved_work_id": 4563}
{"work_id": 2487, "title": "England Under the Norman and Angevin Kings, 1075–1225", "saved_work_id": 4340}
{"work_id": 2488, "title": "A Polite and Commercial People: England 1727–1783", "saved_work_id": 2488}
{"work_id": 2489, "title": "From Memory to Written Record: England 1066–1307", "saved_work_id": 2489}
{"work_id": 2490, "title": "A Mad, Bad, and Dangerous People? England 1783–1846", "saved_work_id": 2490}
{"work_id": 2491, "title": "The Struggle for Mastery: Britain 1066–1284", "saved_work_id": 2491}
{"work_id": 2493, "title": "English Social History", "saved_work_id": 2493}
{"work_id": 2494, "title": "English Society 1580–1680", "saved_work_id": 2494}
{"work_id": 2495, "title": "Tudor England", "saved_work_id": 2495}
{"work_id": 2496, "title": "New Worlds, Lost Worlds: The Rule of the Tudors 1485–1603", "saved_work_id": 2496}
{"work_id": 2497, "title": "England in the Later Middle Ages", "saved_work_id": 2497}
{"work_id": 2498, "title": "Shaping the Nation: England 1360–1461", "saved_work_id": 2498}
{"work_id": 2499, "title": "Heretics and Believers: A History of the English Reformation", "saved_work_id": 2499}
{"work_id": 2500, "title": "Victorian Cities", "saved_work_id": 2500}
{"work_id": 2501, "title": "The Sinews of Power: War, Money and the English State, 1688–1783", "saved_work_id": 2501}
{"work_id": 2502, "title": "English Society in the Eighteenth Century", "saved_work_id": 2502}
{"work_id": 2503, "title": "The British Industrial Revolution in Global Perspective", "saved_work_id": 4471}
{"work_id": 2504, "title": "The Enlightened Economy: An Economic History of Britain 1700–1850", "saved_work_id": 2504}
{"work_id": 2505, "title": "English History 1914–1945", "saved_work_id": 2505}
{"work_id": 2506, "title": "Making a Living in the Middle Ages: The People of Britain 850–1520", "saved_work_id": 4347}
{"work_id": 2507, "title": "The Causes of the English Civil War", "saved_work_id": 2507}
{"work_id": 2508, "title": "The Tudor Revolution in Government", "saved_work_id": 2508}
{"work_id": 2509, "title": "Britain in Revolution 1625–1660", "saved_work_id": 2509}
{"work_id": 2510, "title": "The Wars of the Roses: Politics and the Constitution in England, c.1437–1509", "saved_work_id": 2510}
{"work_id": 2511, "title": "Magna Carta", "saved_work_id": 2511}
{"work_id": 2512, "title": "The Making of the English Landscape", "saved_work_id": 2512}
{"work_id": 2513, "title": "The Gentleman’s Daughter: Women’s Lives in Georgian England", "saved_work_id": 2513}
{"work_id": 2514, "title": "The World We Have Lost", "saved_work_id": 4558}
{"work_id": 2515, "title": "Classes and Cultures: England 1918–1951", "saved_work_id": 2515}
{"work_id": 2516, "title": "The Voices of Morebath", "saved_work_id": 2516}
{"work_id": 2517, "title": "1599: A Year in the Life of William Shakespeare", "saved_work_id": 2517}
{"work_id": 2518, "title": "Plantagenet England 1225–1360", "saved_work_id": 2518}
{"work_id": 2519, "title": "England and Its Rulers 1066–1307", "saved_work_id": 2519}
{"work_id": 2520, "title": "Building Anglo-Saxon England", "saved_work_id": 2520}
{"work_id": 2521, "title": "Britain After Rome: The Fall and Rise, 400 to 1070", "saved_work_id": 2521}
{"work_id": 2523, "title": "William the Conqueror", "saved_work_id": 2523}
{"work_id": 2524, "title": "The First English Empire: Power and Identities in the British Isles 1093–1343", "saved_work_id": 2524}
{"work_id": 2525, "title": "The Reign of Edward III: Crown and Political Society in England, 1327–1377", "saved_work_id": 2525}
{"work_id": 2526, "title": "Henry VI and the Politics of Kingship", "saved_work_id": 2526}
{"work_id": 2527, "title": "Henry IV", "saved_work_id": 2527}
{"work_id": 2528, "title": "English Reformations: Religion, Politics, and Society under the Tudors", "saved_work_id": 2528}
{"work_id": 2529, "title": "Popular Politics and the English Reformation", "saved_work_id": 2529}
{"work_id": 2530, "title": "Being Protestant in Reformation Britain", "saved_work_id": 2530}
{"work_id": 2531, "title": "Providence in Early Modern England", "saved_work_id": 2531}
{"work_id": 2532, "title": "Birth, Marriage and Death: Ritual, Religion, and the Life-Cycle in Tudor and Stuart England", "saved_work_id": 2532}
{"work_id": 2533, "title": "Revel, Riot and Rebellion: Popular Politics and Culture in England 1603–1660", "saved_work_id": 2533}
{"work_id": 2534, "title": "The Crisis of the Aristocracy 1558–1641", "saved_work_id": 2534}
{"work_id": 2535, "title": "The Origins of English Individualism", "saved_work_id": 2535}
{"work_id": 2536, "title": "The State and Social Change in Early Modern England, c.1550–1640", "saved_work_id": 2536}
{"work_id": 2537, "title": "Devil-Land: England Under Siege 1588–1688", "saved_work_id": 2537}
{"work_id": 2538, "title": "The English Civil Wars 1640–1660", "saved_work_id": 2538}
{"work_id": 2539, "title": "The Restoration: A Political and Religious History of England and Wales 1658–1667", "saved_work_id": 2539}
{"work_id": 2540, "title": "Restoration: Charles II and His Kingdoms, 1660–1685", "saved_work_id": 2540}
{"work_id": 2541, "title": "The Long Eighteenth Century: British Political and Social History 1688–1832", "saved_work_id": 2541}
{"work_id": 2542, "title": "Customs in Common", "saved_work_id": 4561}
{"work_id": 2544, "title": "Liberty’s Dawn: A People’s History of the Industrial Revolution", "saved_work_id": 2544}
{"work_id": 2545, "title": "Energy and the English Industrial Revolution", "saved_work_id": 2545}
{"work_id": 2546, "title": "The Industrial Revolution", "saved_work_id": 2546}
{"work_id": 2547, "title": "The Age of Manufactures, 1700–1820", "saved_work_id": 2547}
{"work_id": 2548, "title": "Agricultural Revolution in England: The Transformation of the Agrarian Economy 1500–1850", "saved_work_id": 2548}
{"work_id": 2549, "title": "Victorian People", "saved_work_id": 2549}
{"work_id": 2550, "title": "Victorian England: Portrait of an Age", "saved_work_id": 2550}
{"work_id": 2551, "title": "The Mid-Victorian Generation 1846–1886", "saved_work_id": 2551}
{"work_id": 2552, "title": "The Rise of Respectable Society: A Social History of Victorian Britain, 1830–1900", "saved_work_id": 2552}
{"work_id": 2553, "title": "Private Lives, Public Spirit: Britain 1870–1914", "saved_work_id": 2553}
{"work_id": 2554, "title": "The Chartists: Popular Politics in the Industrial Revolution", "saved_work_id": 2554}
{"work_id": 2555, "title": "Chartism: A New History", "saved_work_id": 2555}
{"work_id": 2556, "title": "Outcast London: A Study in the Relationship Between Classes in Victorian Society", "saved_work_id": 4373}
{"work_id": 2557, "title": "City of Dreadful Delight: Narratives of Sexual Danger in Late-Victorian London", "saved_work_id": 4374}
{"work_id": 2558, "title": "Victorian Babylon: People, Streets and Images in Nineteenth-Century London", "saved_work_id": 4384}
{"work_id": 2559, "title": "London: A Social History", "saved_work_id": 4358}
{"work_id": 2560, "title": "London in the Nineteenth Century: A Human Awful Wonder of God", "saved_work_id": 4360}
{"work_id": 2561, "title": "London: The Biography", "saved_work_id": 4357}
{"work_id": 2562, "title": "1606: William Shakespeare and the Year of Lear", "saved_work_id": 2562}
{"work_id": 2563, "title": "Soul of the Age: The Life, Mind and World of William Shakespeare", "saved_work_id": 2563}
{"work_id": 2564, "title": "The Lodger: Shakespeare on Silver Street", "saved_work_id": 2564}
{"work_id": 2565, "title": "Tudor England: A History", "saved_work_id": 2565}
{"work_id": 2566, "title": "Women in the Medieval English Countryside: Gender and Household in Brigstock Before the Plague", "saved_work_id": 2566}
{"work_id": 2567, "title": "The Ties That Bound: Peasant Families in Medieval England", "saved_work_id": 2567}
{"work_id": 2568, "title": "Domestic Dangers: Women, Words, and Sex in Early Modern London", "saved_work_id": 2568}
{"work_id": 2569, "title": "Meanings of Manhood in Early Modern England", "saved_work_id": 2569}
{"work_id": 2570, "title": "Black Tudors: The Untold Story", "saved_work_id": 2570}
{"work_id": 2571, "title": "Black and British: A Forgotten History", "saved_work_id": 2571}
{"work_id": 2572, "title": "The English and Their History", "saved_work_id": 2572}
{"work_id": 2573, "title": "Austerity Britain 1945–51", "saved_work_id": 2573}
{"work_id": 2574, "title": "Never Again: Britain 1945–1951", "saved_work_id": 2574}
{"work_id": 2575, "title": "The Road to 1945: British Politics and the Second World War", "saved_work_id": 2575}
{"work_id": 2576, "title": "The People: The Rise and Fall of the Working Class, 1910–2010", "saved_work_id": 2576}
{"work_id": 2577, "title": "The Strange Death of Liberal England", "saved_work_id": 243}
{"work_id": 2578, "title": "The History of England from the Accession of James II", "saved_work_id": 2578}
{"work_id": 2579, "title": "The History of England", "saved_work_id": 2579}
{"work_id": 2580, "title": "The History of the Rebellion and Civil Wars in England", "saved_work_id": 2580}
{"work_id": 8244, "title": "Books of Blood, Volumes 1–3", "saved_work_id": 8244}
{"work_id": 8245, "title": "The Call of Cthulhu and Other Weird Stories", "saved_work_id": 8245}
{"work_id": 8247, "title": "Ghost Stories of an Antiquary", "saved_work_id": 8247}
{"work_id": 8249, "title": "I Am Legend", "saved_work_id": 8249}
{"work_id": 8250, "title": "Carmilla", "saved_work_id": 8250}
{"work_id": 8251, "title": "Rosemary's Baby", "saved_work_id": 8251}
{"work_id": 8252, "title": "The Great God Pan", "saved_work_id": 8252}
{"work_id": 8254, "title": "The Exorcist", "saved_work_id": 8254}
{"work_id": 8256, "title": "Our Share of Night", "saved_work_id": 1423}
{"work_id": 8257, "title": "Songs of a Dead Dreamer", "saved_work_id": 8257}
{"work_id": 8258, "title": "Something Wicked This Way Comes", "saved_work_id": 8258}
{"work_id": 8259, "title": "Ghost Story", "saved_work_id": 8259}
{"work_id": 8260, "title": "Dark Entries", "saved_work_id": 8260}
{"work_id": 8261, "title": "Ancient Sorceries and Other Weird Stories", "saved_work_id": 8261}
{"work_id": 8262, "title": "Fever Dream", "saved_work_id": 1422}
{"work_id": 8264, "title": "The Hellbound Heart", "saved_work_id": 8264}
{"work_id": 8265, "title": "Let the Right One In", "saved_work_id": 8265}
{"work_id": 8267, "title": "Things We Lost in the Fire", "saved_work_id": 1424}
{"work_id": 8269, "title": "The Fisherman", "saved_work_id": 8269}
{"work_id": 8270, "title": "The Woman in Black", "saved_work_id": 8270}
{"work_id": 8271, "title": "The House on the Borderland", "saved_work_id": 8271}
{"work_id": 8272, "title": "Kwaidan: Stories and Studies of Strange Things", "saved_work_id": 8272}
{"work_id": 8273, "title": "Hell House", "saved_work_id": 8273}
{"work_id": 8274, "title": "The Other", "saved_work_id": 8274}
{"work_id": 8275, "title": "Ugetsu Monogatari (Tales of Moonlight and Rain)", "saved_work_id": 8275}
{"work_id": 8276, "title": "Strange Tales from a Chinese Studio (Liaozhai zhiyi)", "saved_work_id": 8407}
{"work_id": 8277, "title": "The Blind Owl (Buf-e kur)", "saved_work_id": 8447}
{"work_id": 8278, "title": "The King in Yellow", "saved_work_id": 8278}
{"work_id": 8281, "title": "The Black Spider (Die schwarze Spinne)", "saved_work_id": 8281}
{"work_id": 8282, "title": "Night Pieces (Nachtstücke)", "saved_work_id": 8282}
{"work_id": 8283, "title": "Malpertuis", "saved_work_id": 8283}
{"work_id": 8284, "title": "The Cipher", "saved_work_id": 8284}
{"work_id": 8285, "title": "The Elementals", "saved_work_id": 8285}
{"work_id": 8286, "title": "The Good House", "saved_work_id": 8286}
{"work_id": 8287, "title": "The Ceremonies", "saved_work_id": 8287}
{"work_id": 8288, "title": "Shiki (尸鬼)", "saved_work_id": 8288}
{"work_id": 8289, "title": "Dark Gods", "saved_work_id": 8289}
{"work_id": 8290, "title": "The Only Good Indians", "saved_work_id": 8290}
{"work_id": 8291, "title": "Cursed Bunny (저주토끼)", "saved_work_id": 8291}
{"work_id": 8292, "title": "The Golem (Der Golem)", "saved_work_id": 8292}
{"work_id": 8293, "title": "The Monk", "saved_work_id": 8293}
{"work_id": 8295, "title": "The Imago Sequence and Other Stories", "saved_work_id": 8295}
{"work_id": 8296, "title": "Alone with the Horrors", "saved_work_id": 8296}
{"work_id": 8298, "title": "Zan'e (残穢)", "saved_work_id": 8298}
{"work_id": 8299, "title": "North American Lake Monsters", "saved_work_id": 8299}
{"work_id": 8300, "title": "My Life in the Bush of Ghosts", "saved_work_id": 8300}
{"work_id": 8301, "title": "The Terror", "saved_work_id": 8301}
{"work_id": 8302, "title": "The Dark Side of Guy de Maupassant", "saved_work_id": 8302}
{"work_id": 8303, "title": "The Drowning Girl: A Memoir", "saved_work_id": 8303}
{"work_id": 8304, "title": "The October Country", "saved_work_id": 8304}
{"work_id": 8305, "title": "The Other Side (Die andere Seite)", "saved_work_id": 8305}
{"work_id": 8307, "title": "The Motion Demon (Demon ruchu)", "saved_work_id": 8307}
{"work_id": 8309, "title": "Blackwater", "saved_work_id": 8309}
{"work_id": 8311, "title": "The Houseguest and Other Stories", "saved_work_id": 8311}
{"work_id": 8313, "title": "Aura", "saved_work_id": 8313}
{"work_id": 8314, "title": "Jawbone (Mandíbula)", "saved_work_id": 8314}
{"work_id": 8315, "title": "The Devourers", "saved_work_id": 8315}
{"work_id": 8317, "title": "White Is for Witching", "saved_work_id": 8317}
{"work_id": 8319, "title": "The House Next Door", "saved_work_id": 8319}
{"work_id": 8320, "title": "The Red Tree", "saved_work_id": 8320}
{"work_id": 8321, "title": "Revenge: Eleven Dark Tales", "saved_work_id": 3636}
{"work_id": 8322, "title": "The Between", "saved_work_id": 8322}
{"work_id": 8323, "title": "My Soul to Keep", "saved_work_id": 8323}
{"work_id": 8324, "title": "Carrion Comfort", "saved_work_id": 8324}
{"work_id": 8325, "title": "Dark Water (Honogurai mizu no soko kara)", "saved_work_id": 8325}
{"work_id": 8326, "title": "The Changeling", "saved_work_id": 8326}
{"work_id": 8327, "title": "The Dangers of Smoking in Bed", "saved_work_id": 8327}
{"work_id": 8328, "title": "The Iliac Crest (La cresta de Ilión)", "saved_work_id": 8328}
{"work_id": 8329, "title": "Wounds: Six Stories from the Border of Hell", "saved_work_id": 8329}
{"work_id": 8331, "title": "The Twenty Days of Turin (Le venti giornate di Torino)", "saved_work_id": 8331}
{"work_id": 8332, "title": "Las voladoras", "saved_work_id": 8332}
{"work_id": 8334, "title": "Carrie", "saved_work_id": 8334}
{"work_id": 8335, "title": "Interview with the Vampire", "saved_work_id": 8335}
{"work_id": 8336, "title": "Conjure Wife", "saved_work_id": 8336}
{"work_id": 8337, "title": "Our Lady of Darkness", "saved_work_id": 8337}
{"work_id": 8338, "title": "Psycho", "saved_work_id": 8338}
{"work_id": 8341, "title": "The Girl Next Door", "saved_work_id": 8341}
{"work_id": 8342, "title": "Exquisite Corpse", "saved_work_id": 8342}
{"work_id": 8343, "title": "The Ruins", "saved_work_id": 8343}
{"work_id": 8344, "title": "A Head Full of Ghosts", "saved_work_id": 8344}
{"work_id": 8346, "title": "The Ritual", "saved_work_id": 8346}
{"work_id": 8347, "title": "Burnt Offerings", "saved_work_id": 8347}
{"work_id": 8348, "title": "Harvest Home", "saved_work_id": 8348}
{"work_id": 8349, "title": "The Auctioneer", "saved_work_id": 8349}
{"work_id": 8350, "title": "Melmoth the Wanderer", "saved_work_id": 8350}
{"work_id": 8351, "title": "Ghosts", "saved_work_id": 8351}
{"work_id": 8352, "title": "Widdershins", "saved_work_id": 8352}
{"work_id": 8353, "title": "Viy", "saved_work_id": 8353}
{"work_id": 8354, "title": "The Hungry Moon", "saved_work_id": 8354}
{"work_id": 8355, "title": "Experimental Film", "saved_work_id": 8355}
{"work_id": 8356, "title": "20th Century Ghosts", "saved_work_id": 8356}
{"work_id": 8357, "title": "The Damnation Game", "saved_work_id": 8357}
{"work_id": 8359, "title": "Summer of Night", "saved_work_id": 8359}
{"work_id": 8360, "title": "The Black House (Kuroi ie)", "saved_work_id": 8360}
{"work_id": 8361, "title": "The Graveyard Apartment", "saved_work_id": 8361}
{"work_id": 8362, "title": "Whisper (荒聞)", "saved_work_id": 8362}
{"work_id": 8363, "title": "The Hole", "saved_work_id": 8363}
{"work_id": 8364, "title": "Audition", "saved_work_id": 8364}
{"work_id": 8365, "title": "Parasite Eve", "saved_work_id": 8365}
{"work_id": 8366, "title": "The Sleepless", "saved_work_id": 8366}
{"work_id": 8367, "title": "Broken Monsters", "saved_work_id": 8367}
{"work_id": 8368, "title": "Midnight Doorways: Fables from Pakistan", "saved_work_id": 8368}
{"work_id": 8369, "title": "Taranath Tantrik and Other Tales from the Supernatural", "saved_work_id": 8369}
{"work_id": 8370, "title": "Apple and Knife", "saved_work_id": 8370}
{"work_id": 8371, "title": "Vampire Junction", "saved_work_id": 8371}
{"work_id": 8372, "title": "Slights", "saved_work_id": 8372}
{"work_id": 8373, "title": "Horror Stories", "saved_work_id": 8373}
{"work_id": 8374, "title": "Waking the Dead and Other Horror Stories", "saved_work_id": 8374}
{"work_id": 8375, "title": "Jantar secreto", "saved_work_id": 8375}
{"work_id": 8376, "title": "A Nest of Nightmares", "saved_work_id": 8376}
{"work_id": 8377, "title": "In a Lonely Place", "saved_work_id": 8377}
{"work_id": 8378, "title": "The Dark Country", "saved_work_id": 8378}
{"work_id": 8379, "title": "The Castle of Otranto", "saved_work_id": 8379}
{"work_id": 8380, "title": "The Mysteries of Udolpho", "saved_work_id": 8380}
{"work_id": 8381, "title": "Vathek", "saved_work_id": 8381}
{"work_id": 8382, "title": "The Cormorant", "saved_work_id": 8382}
{"work_id": 8383, "title": "Sweetheart, Sweetheart", "saved_work_id": 8383}
{"work_id": 8384, "title": "Nightmare Seasons", "saved_work_id": 8384}
{"work_id": 8385, "title": "Some of Your Blood", "saved_work_id": 8385}
{"repaired": 359, "deferred": 0}
