{"work_id": 2, "title": "War and Peace", "status": "found", "edition_id": 6786}
{"work_id": 5, "title": "Moby-Dick", "status": "found", "edition_id": 6787}
{"work_id": 15, "title": "Don Quixote", "status": "identity_review"}
{"work_id": 19, "title": "One Hundred Years of Solitude", "status": "identity_review"}
{"work_id": 18, "title": "Ulysses", "status": "found", "edition_id": 6790}
{"work_id": 387, "title": "The Master and Margarita", "status": "no_verified_english_option"}
{"work_id": 290, "title": "Anna Karenina", "status": "no_verified_english_option"}
{"work_id": 66, "title": "The Great Gatsby", "status": "no_verified_english_option"}
{"work_id": 70, "title": "The Sound and the Fury", "status": "found", "edition_id": 6795}
{"work_id": 349, "title": "The Brothers Karamazov", "status": "no_verified_english_option"}
{"work_id": 79, "title": "To the Lighthouse", "status": "found", "edition_id": 6813}
{"work_id": 277, "title": "Frankenstein", "status": "no_verified_english_option"}
{"work_id": 298, "title": "The Count of Monte Cristo", "status": "found", "edition_id": 6816}
{"work_id": 292, "title": "The Picture of Dorian Gray", "status": "found", "edition_id": 6817}
{"work_id": 342, "title": "Ficciones", "status": "found", "edition_id": 6818}
{"work_id": 311, "title": "The Stranger", "status": "no_matching_work"}
{"work_id": 4, "title": "The Magic Mountain", "status": "no_verified_english_option"}
{"work_id": 312, "title": "The Trial", "status": "no_verified_english_option"}
{"work_id": 7, "title": "Middlemarch", "status": "found", "edition_id": 6819}
{"work_id": 20, "title": "Pride and Prejudice", "status": "found", "edition_id": 6820}
{"work_id": 69, "title": "Brave New World", "status": "found", "edition_id": 6821}
{"work_id": 357, "title": "Odyssey", "status": "found", "edition_id": 6822}
{"work_id": 759, "title": "The Metamorphosis", "status": "no_verified_english_option"}
{"work_id": 3187, "title": "Hamlet", "status": "found", "edition_id": 6823}
{"work_id": 8, "title": "Beloved", "status": "existing_isbn_preserved"}
{"work_id": 369, "title": "The Book of Disquiet", "status": "no_matching_work"}
{"work_id": 3552, "title": "Dubliners", "status": "found", "edition_id": 6824}
{"work_id": 67, "title": "A Portrait of the Artist As a Young Man", "status": "found", "edition_id": 6825}
{"work_id": 117, "title": "Pale Fire", "status": "found", "edition_id": 6826}
{"work_id": 692, "title": "Faust", "status": "found", "edition_id": 6827}
{"work_id": 745, "title": "The Name of the Rose", "status": "no_matching_work"}
{"work_id": 780, "title": "Invisible Cities", "status": "no_verified_english_option"}
{"work_id": 1725, "title": "Siddhartha", "status": "found", "edition_id": 6828}
{"work_id": 95, "title": "Animal Farm", "status": "found", "edition_id": 6829}
{"work_id": 4816, "title": "The Book of the New Sun", "status": "no_matching_work"}
{"work_id": 83, "title": "Invisible Man", "status": "found", "edition_id": 6841}
{"work_id": 275, "title": "Great Expectations", "status": "found", "edition_id": 6844}
{"work_id": 347, "title": "The Idiot", "status": "found", "edition_id": 6846}
{"work_id": 354, "title": "Dead Souls", "status": "no_verified_english_option"}
{"work_id": 785, "title": "No Longer Human", "status": "no_verified_english_option"}
{"work_id": 343, "title": "Journey to the End of the Night", "status": "no_matching_work"}
{"work_id": 394, "title": "Rebecca", "status": "found", "edition_id": 6849}
{"work_id": 413, "title": "A Confederacy of Dunces", "status": "found", "edition_id": 6850}
{"work_id": 447, "title": "Confessions", "status": "found", "edition_id": 6851}
{"work_id": 1152, "title": "The Recognitions", "status": "found", "edition_id": 6853}
{"work_id": 9, "title": "The Republic", "status": "no_verified_english_option"}
{"work_id": 21, "title": "Pedro Páramo", "status": "found", "edition_id": 6855}
{"work_id": 154, "title": "Midnight’S Children", "status": "found", "edition_id": 6857}
{"work_id": 276, "title": "The Hobbit", "status": "found", "edition_id": 6858}
{"work_id": 366, "title": "Essays", "status": "found", "edition_id": 6859}
{"work_id": 732, "title": "Never Let Me Go", "status": "found", "edition_id": 6860}
{"work_id": 2104, "title": "Mason & Dixon", "status": "found", "edition_id": 6861}
{"work_id": 4620, "title": "Paradise Lost", "status": "found", "edition_id": 6862}
{"work_id": 377, "title": "Aeneid", "status": "no_verified_english_option"}
{"work_id": 380, "title": "Mrs Dalloway", "status": "no_verified_english_option"}
{"work_id": 2980, "title": "Meditations", "status": "found", "edition_id": 6863}
{"work_id": 4821, "title": "Notes from Underground", "status": "found", "edition_id": 6864}
{"work_id": 676, "title": "Paradise Lost", "status": "no_matching_work"}
{"work_id": 728, "title": "Lonesome Dove", "status": "found", "edition_id": 6866}
{"work_id": 747, "title": "The Road", "status": "found", "edition_id": 6867}
{"work_id": 1145, "title": "The Crying of Lot 49", "status": "found", "edition_id": 6868}
{"work_id": 1388, "title": "The Savage Detectives", "status": "no_matching_work"}
{"work_id": 5161, "title": "American Psycho", "status": "found", "edition_id": 6870}
{"work_id": 26, "title": "Things Fall Apart", "status": "found", "edition_id": 6871}
{"work_id": 284, "title": "To Kill a Mockingbird", "status": "found", "edition_id": 6873}
{"work_id": 374, "title": "Tristram Shandy", "status": "found", "edition_id": 6874}
{"work_id": 3188, "title": "King Lear", "status": "found", "edition_id": 6875}
{"work_id": 5148, "title": "The Holy Bible", "status": "no_verified_english_option"}
{"work_id": 6, "title": "The Tale of Genji", "status": "found", "edition_id": 6876}
{"work_id": 129, "title": "A Clockwork Orange", "status": "found", "edition_id": 6877}
{"work_id": 263, "title": "Adventures of Huckleberry Finn", "status": "found", "edition_id": 6878}
{"work_id": 271, "title": "A Christmas Carol", "status": "found", "edition_id": 6879}
{"work_id": 330, "title": "Persuasion", "status": "found", "edition_id": 6882}
{"work_id": 332, "title": "Candide", "status": "found", "edition_id": 6883}
{"work_id": 338, "title": "Bleak House", "status": "found", "edition_id": 6884}
{"work_id": 777, "title": "The Left Hand of Darkness", "status": "found", "edition_id": 6885}
{"work_id": 1144, "title": "White Noise", "status": "found", "edition_id": 6886}
{"work_id": 4802, "title": "The Trilogy", "status": "no_matching_work"}
{"work_id": 14, "title": "On Liberty", "status": "no_verified_english_option"}
{"work_id": 119, "title": "On the Road", "status": "found", "edition_id": 6887}
{"work_id": 273, "title": "A Tale of Two Cities", "status": "found", "edition_id": 6889}
{"work_id": 1727, "title": "Steppenwolf", "status": "found", "edition_id": 6891}
{"work_id": 3193, "title": "Macbeth", "status": "found", "edition_id": 6892}
{"work_id": 4849, "title": "His Dark Materials", "status": "found", "edition_id": 6893}
{"work_id": 5166, "title": "The Tunnel", "status": "found", "edition_id": 6894}
{"work_id": 138, "title": "A Farewell to Arms", "status": "found", "edition_id": 6895}
{"work_id": 158, "title": "Wide Sargasso Sea", "status": "found", "edition_id": 6896}
{"work_id": 469, "title": "Phenomenology of Spirit", "status": "no_matching_work"}
{"work_id": 748, "title": "The Stand", "status": "found", "edition_id": 6897}
{"work_id": 768, "title": "Kindred", "status": "found", "edition_id": 6898}
{"work_id": 4828, "title": "A Song of Ice and Fire", "status": "no_matching_work"}
{"work_id": 4836, "title": "Harry Potter", "status": "no_verified_english_option"}
{"work_id": 4915, "title": "Gormenghast", "status": "found", "edition_id": 6899}
{"work_id": 4982, "title": "The Princess Bride", "status": "found", "edition_id": 6900}
{"work_id": 11, "title": "On the Origin of Species", "status": "found", "edition_id": 6901}
{"work_id": 22, "title": "Season of Migration to the North", "status": "no_matching_work"}
{"work_id": 36, "title": "Ethics", "status": "found", "edition_id": 6902}
{"work_id": 122, "title": "The Age of Innocence", "status": "found", "edition_id": 6903}
{"work_id": 283, "title": "The Three Musketeers", "status": "found", "edition_id": 6904}
{"work_id": 310, "title": "The Red and the Black", "status": "no_verified_english_option"}
{"work_id": 319, "title": "Gone with the Wind", "status": "found", "edition_id": 6905}
{"work_id": 327, "title": "The Decameron", "status": "no_verified_english_option"}
{"work_id": 353, "title": "Love in the Time of Cholera", "status": "identity_review"}
{"work_id": 712, "title": "Wolf Hall", "status": "found", "edition_id": 6906}
{"work_id": 738, "title": "Piranesi", "status": "found", "edition_id": 6907}
{"work_id": 755, "title": "Their Eyes Were Watching God", "status": "found", "edition_id": 6908}
{"work_id": 764, "title": "The Rings of Saturn", "status": "no_matching_work"}
{"work_id": 828, "title": "The Sailor Who Fell from Grace with the Sea", "status": "no_matching_work"}
{"work_id": 1153, "title": "J R", "status": "no_matching_work"}
{"work_id": 1157, "title": "Gilead", "status": "found", "edition_id": 6909}
{"work_id": 1367, "title": "The Posthumous Memoirs of Brás Cubas", "status": "no_matching_work"}
{"work_id": 3189, "title": "Waiting for Godot", "status": "no_verified_english_option"}
{"work_id": 4637, "title": "The Once and Future King", "status": "found", "edition_id": 6910}
{"work_id": 4832, "title": "Discworld", "status": "no_matching_work"}
{"work_id": 4866, "title": "American Gods", "status": "found", "edition_id": 6911}
{"work_id": 4880, "title": "Tigana", "status": "found", "edition_id": 6912}
{"work_id": 4935, "title": "Chronicles of Amber", "status": "no_verified_english_option"}
{"work_id": 5165, "title": "Naked Lunch", "status": "found", "edition_id": 6913}
{"work_id": 5619, "title": "Satantango", "status": "found", "edition_id": 6914}
{"work_id": 3, "title": "Kokoro", "status": "found", "edition_id": 6915}
{"work_id": 84, "title": "Native Son", "status": "provider_error", "error": "<urlopen error timed out>"}
{"work_id": 103, "title": "Go Tell It on the Mountain", "status": "found", "edition_id": 6916}
{"work_id": 118, "title": "Light in August", "status": "found", "edition_id": 6917}
{"work_id": 295, "title": "Tess of the d'Urbervilles", "status": "found", "edition_id": 6918}
{"work_id": 334, "title": "Far from the Madding Crowd", "status": "found", "edition_id": 6919}
{"work_id": 358, "title": "The Castle", "status": "found", "edition_id": 6920}
{"work_id": 379, "title": "Leaves of Grass", "status": "no_verified_english_option"}
{"work_id": 425, "title": "Politics", "status": "found", "edition_id": 6921}
{"work_id": 650, "title": "Lysistrata", "status": "found", "edition_id": 6922}
{"work_id": 725, "title": "Atonement", "status": "found", "edition_id": 6923}
{"work_id": 743, "title": "Jonathan Strange & Mr Norrell", "status": "no_matching_work"}
{"work_id": 779, "title": "Life and Fate", "status": "no_matching_work"}
{"work_id": 816, "title": "Kafka on the Shore", "status": "no_matching_work"}
{"work_id": 1130, "title": "The Elementary Particles", "status": "no_matching_work"}
{"work_id": 1368, "title": "Hopscotch", "status": "no_matching_work"}
{"work_id": 1375, "title": "The Passion According to G.H.", "status": "no_matching_work"}
{"work_id": 1720, "title": "The World as Will and Representation", "status": "no_verified_english_option"}
{"work_id": 1755, "title": "Storm of Steel", "status": "no_verified_english_option"}
{"work_id": 3096, "title": "Medea", "status": "found", "edition_id": 6924}
{"work_id": 3208, "title": "Othello", "status": "found", "edition_id": 6925}
{"work_id": 3233, "title": "A Midsummer Night's Dream", "status": "found", "edition_id": 6926}
{"work_id": 4808, "title": "1984", "status": "no_matching_work"}
{"work_id": 4829, "title": "Mistborn", "status": "no_verified_english_option"}
{"work_id": 4830, "title": "The Wheel of Time", "status": "no_matching_work"}
{"work_id": 4839, "title": "The Dresden Files", "status": "no_verified_english_option"}
{"work_id": 4843, "title": "Earthsea Cycle", "status": "no_matching_work"}
{"work_id": 4845, "title": "The Witcher", "status": "no_verified_english_option"}
{"work_id": 4846, "title": "The Dark Tower", "status": "found", "edition_id": 6927}
{"work_id": 4848, "title": "Hyperion Cantos", "status": "no_verified_english_option"}
{"work_id": 4872, "title": "Lightbringer", "status": "no_matching_work"}
{"processed": 150, "added": 91}
