{"status": "no_human_portrait", "person_id": 374, "name": "Bernard Williams"}
{"status": "no_human_portrait", "person_id": 377, "name": "Kwasi Wiredu"}
{"status": "image_error", "error": "unsupported raster format", "person_id": 57, "name": "Śāntideva"}
{"status": "covered", "person_id": 169, "name": "G. E. Moore"}
{"status": "covered", "person_id": 199, "name": "Karl Popper"}
{"status": "covered", "person_id": 269, "name": "Albert Camus"}
{"status": "covered", "person_id": 300, "name": "Michel de Montaigne"}
{"status": "image_error", "error": "HTTP Error 429: Too many requests (76af2b0)", "person_id": 368, "name": "Derek Parfit"}
{"status": "covered", "person_id": 371, "name": "Ronald Dworkin"}
{"status": "covered", "person_id": 373, "name": "Alasdair MacIntyre"}
{"status": "covered", "person_id": 376, "name": "Achille Mbembe"}
{"status": "covered", "person_id": 378, "name": "Ibn Tufayl"}
{"status": "covered", "person_id": 382, "name": "Michel Foucault"}
{"status": "covered", "person_id": 434, "name": "Peter Singer"}
{"status": "covered", "person_id": 472, "name": "Edmund Burke"}
{"status": "covered", "person_id": 479, "name": "Thomas Paine"}
{"status": "covered", "person_id": 515, "name": "Marcus Aurelius"}
{"status": "covered", "person_id": 516, "name": "Cicero"}
{"status": "covered", "person_id": 600, "name": "Dōgen"}
{"status": "covered", "person_id": 658, "name": "Han Fei"}
{"status": "no_unique_identity", "person_id": 2126, "name": "Seneca"}
{"status": "no_human_portrait", "person_id": 2103, "name": "Gilbert Ryle"}
{"status": "covered", "person_id": 789, "name": "Jean-Paul Sartre"}
{"status": "covered", "person_id": 794, "name": "Montesquieu"}
{"status": "covered", "person_id": 807, "name": "Aimé Césaire"}
{"status": "covered", "person_id": 825, "name": "Christine de Pizan"}
{"status": "image_error", "error": "HTTP Error 429: Too many requests (f061ab2)", "person_id": 888, "name": "Boethius"}
{"status": "covered", "person_id": 889, "name": "Hildegard of Bingen"}
{"status": "covered", "person_id": 1070, "name": "Patanjali"}
{"status": "covered", "person_id": 1168, "name": "Arthur Schopenhauer"}
{"status": "covered", "person_id": 1193, "name": "Hans-Georg Gadamer"}
{"status": "covered", "person_id": 1195, "name": "Theodor W. Adorno"}
{"status": "covered", "person_id": 1197, "name": "Ernst Cassirer"}
{"status": "covered", "person_id": 1198, "name": "Jürgen Habermas"}
{"status": "image_error", "error": "HTTP Error 429: Too many requests (f061ab2)", "person_id": 1199, "name": "Ludwig Feuerbach"}
{"status": "covered", "person_id": 1729, "name": "Giambattista Vico"}
{"status": "image_error", "error": "HTTP Error 429: Too many requests - please contact noc@wikimedia.org to discuss a less disruptive approach or instead use thumbnail images in sizes listed on https://w.wiki/GHai. (0c640b1)", "person_id": 2100, "name": "Thomas Nagel"}
{"status": "covered", "person_id": 2144, "name": "Angela Y. Davis"}
{"status": "covered", "person_id": 2146, "name": "Robert Nozick"}
{"status": "image_error", "error": "HTTP Error 429: Too many requests - please contact noc@wikimedia.org to discuss a less disruptive approach or instead use thumbnail images in sizes listed on https://w.wiki/GHai. (0c640b1)", "person_id": 2149, "name": "Herbert Marcuse"}
{"status": "no_unique_identity", "person_id": 2644, "name": "David Lewis"}
{"status": "no_unique_identity", "person_id": 2656, "name": "Suhrawardī"}
{"status": "no_human_portrait", "person_id": 2180, "name": "Luce Irigaray"}
{"status": "no_human_portrait", "person_id": 2191, "name": "Saadia Gaon"}
{"status": "image_error", "error": "HTTP Error 429: Too many requests - please contact noc@wikimedia.org to discuss a less disruptive approach or instead use thumbnail images in sizes listed on https://w.wiki/GHai. (0c640b1)", "person_id": 2157, "name": "Judith Butler"}
{"status": "image_error", "error": "HTTP Error 429: Too many requests - please contact noc@wikimedia.org to discuss a less disruptive approach or instead use thumbnail images in sizes listed on https://w.wiki/GHai. (0c640b1)", "person_id": 2164, "name": "Mary Midgley"}
{"status": "covered", "person_id": 2166, "name": "Patricia Hill Collins"}
{"status": "image_error", "error": "HTTP Error 429: Too many requests - please contact noc@wikimedia.org to discuss a less disruptive approach or instead use thumbnail images in sizes listed on https://w.wiki/GHai. (0c640b1)", "person_id": 2168, "name": "Martha C. Nussbaum"}
{"status": "covered", "person_id": 2233, "name": "Sextus Empiricus"}
{"status": "image_error", "error": "HTTP Error 429: Too many requests - please contact noc@wikimedia.org to discuss a less disruptive approach or instead use thumbnail images in sizes listed on https://w.wiki/GHai. (0c640b1)", "person_id": 2643, "name": "Saul Kripke"}
{"status": "covered", "person_id": 2646, "name": "Parmenides"}
{"status": "image_error", "error": "HTTP Error 429: Too many requests - please contact noc@wikimedia.org to discuss a less disruptive approach or instead use thumbnail images in sizes listed on https://w.wiki/GHai. (0c640b1)", "person_id": 2647, "name": "Proclus"}
{"status": "image_error", "error": "HTTP Error 429: Too many requests - please contact noc@wikimedia.org to discuss a less disruptive approach or instead use thumbnail images in sizes listed on https://w.wiki/GHai. (0c640b1)", "person_id": 2648, "name": "George Berkeley"}
{"status": "image_error", "error": "HTTP Error 429: Too many requests - please contact noc@wikimedia.org to discuss a less disruptive approach or instead use thumbnail images in sizes listed on https://w.wiki/GHai. (0c640b1)", "person_id": 2649, "name": "W. V. O. Quine"}
{"status": "image_error", "error": "HTTP Error 429: Too many requests - please contact noc@wikimedia.org to discuss a less disruptive approach or instead use thumbnail images in sizes listed on https://w.wiki/GHai. (0c640b1)", "person_id": 2650, "name": "Vasubandhu"}
{"status": "image_error", "error": "HTTP Error 429: Too many requests - please contact noc@wikimedia.org to discuss a less disruptive approach or instead use thumbnail images in sizes listed on https://w.wiki/GHai. (0c640b1)", "person_id": 2651, "name": "Rāmānuja"}
{"status": "covered", "person_id": 2652, "name": "John Duns Scotus"}
{"status": "image_error", "error": "HTTP Error 429: Too many requests - please contact noc@wikimedia.org to discuss a less disruptive approach or instead use thumbnail images in sizes listed on https://w.wiki/GHai. (0c640b1)", "person_id": 2653, "name": "Gilles Deleuze"}
{"status": "image_error", "error": "HTTP Error 429: Too many requests - please contact noc@wikimedia.org to discuss a less disruptive approach or instead use thumbnail images in sizes listed on https://w.wiki/GHai. (0c640b1)", "person_id": 2657, "name": "Ibn ʿArabī"}
{"status": "image_error", "error": "HTTP Error 429: Too many requests - please contact noc@wikimedia.org to discuss a less disruptive approach or instead use thumbnail images in sizes listed on https://w.wiki/GHai. (0c640b1)", "person_id": 2661, "name": "Moses Maimonides"}
{"status": "no_human_portrait", "person_id": 2663, "name": "Īśvarakṛṣṇa"}
{"status": "no_human_portrait", "person_id": 2669, "name": "P. F. Strawson"}
{"status": "no_human_portrait", "person_id": 2675, "name": "al-Kindī"}
{"status": "no_human_portrait", "person_id": 2683, "name": "Udayana"}
{"status": "no_human_portrait", "person_id": 2684, "name": "Bhartṛhari"}
{"status": "no_human_portrait", "person_id": 2697, "name": "Kwame Gyekye"}
{"status": "covered", "person_id": 2666, "name": "Averroes"}
{"status": "covered", "person_id": 2667, "name": "Henri Bergson"}
{"status": "covered", "person_id": 2668, "name": "Rudolf Carnap"}
{"status": "covered", "person_id": 2674, "name": "Pseudo-Dionysius the Areopagite"}
{"status": "image_error", "error": "HTTP Error 429: Too many requests - please contact noc@wikimedia.org to discuss a less disruptive approach or instead use thumbnail images in sizes listed on https://w.wiki/GHai. (0c640b1)", "person_id": 2676, "name": "al-Fārābī"}
{"status": "covered", "person_id": 2677, "name": "Nishida Kitarō"}
{"status": "image_error", "error": "HTTP Error 429: Too many requests - please contact noc@wikimedia.org to discuss a less disruptive approach or instead use thumbnail images in sizes listed on https://w.wiki/GHai. (0c640b1)", "person_id": 2678, "name": "Nishitani Keiji"}
{"status": "covered", "person_id": 2680, "name": "Wang Bi"}
{"status": "covered", "person_id": 2681, "name": "Gauḍapāda"}
{"status": "covered", "person_id": 2691, "name": "David Chalmers"}
{"status": "image_error", "error": "HTTP Error 429: Too many requests - please contact noc@wikimedia.org to discuss a less disruptive approach or instead use thumbnail images in sizes listed on https://w.wiki/GHai. (0c640b1)", "person_id": 2693, "name": "Maurice Merleau-Ponty"}
{"status": "covered", "person_id": 2695, "name": "Sally Haslanger"}
{"status": "covered", "person_id": 2699, "name": "Hilary Putnam"}
{"status": "image_error", "error": "HTTP Error 429: Too many requests - please contact noc@wikimedia.org to discuss a less disruptive approach or instead use thumbnail images in sizes listed on https://w.wiki/GHai. (0c640b1)", "person_id": 2701, "name": "Franz Brentano"}
{"status": "no_unique_identity", "person_id": 2704, "name": "Donald Davidson"}
{"status": "identity_review", "person_id": 2734, "name": "Nancy Cartwright"}
{"status": "no_human_portrait", "person_id": 2787, "name": "Dignāga"}
{"status": "no_human_portrait", "person_id": 2791, "name": "J. L. Austin"}
{"status": "no_human_portrait", "person_id": 2794, "name": "Gaṅgeśa"}
{"status": "no_human_portrait", "person_id": 2830, "name": "Philippa Foot"}
{"status": "image_error", "error": "HTTP Error 429: Too many requests - please contact noc@wikimedia.org to discuss a less disruptive approach or instead use thumbnail images in sizes listed on https://w.wiki/GHai. (0c640b1)", "person_id": 2710, "name": "Wilfrid Sellars"}
{"status": "covered", "person_id": 2747, "name": "Sandra Harding"}
{"status": "image_error", "error": "HTTP Error 429: Too many requests - please contact noc@wikimedia.org to discuss a less disruptive approach or instead use thumbnail images in sizes listed on https://w.wiki/GHai. (0c640b1)", "person_id": 2748, "name": "Donna Haraway"}
{"status": "covered", "person_id": 2770, "name": "Georg Wilhelm Friedrich Hegel"}
{"status": "image_error", "error": "HTTP Error 429: Too many requests - please contact noc@wikimedia.org to discuss a less disruptive approach or instead use thumbnail images in sizes listed on https://w.wiki/GHai. (0c640b1)", "person_id": 2783, "name": "Thomas Reid"}
{"status": "image_error", "error": "unsupported raster format", "person_id": 2788, "name": "Dharmakīrti"}
{"status": "covered", "person_id": 2790, "name": "A. J. Ayer"}
Traceback (most recent call last):
  File "/Users/marcinswierczewski/humanities-rankings-app/research/enrich_catalog_portraits.py", line 138, in <module>
    with exclusive('portraits'):main()
                                ^^^^^^
  File "/Users/marcinswierczewski/humanities-rankings-app/research/enrich_catalog_portraits.py", line 114, in main
    blob,extension=picture(metadata)
                   ^^^^^^^^^^^^^^^^^
  File "/Users/marcinswierczewski/humanities-rankings-app/research/enrich_catalog_portraits.py", line 29, in picture
    time.sleep(2)  # Respect Commons image request limits across this sequential batch.
    ^^^^^^^^^^^^^
KeyboardInterrupt
