{"status": "no_unique_identity", "person_id": 52, "name": "Zhuangzi"}
{"status": "identity_review", "person_id": 53, "name": "Laozi"}
{"status": "identity_review", "person_id": 54, "name": "René Descartes"}
{"status": "no_unique_identity", "person_id": 55, "name": "Xunzi"}
{"status": "identity_review", "person_id": 56, "name": "Miranda Fricker"}
{"status": "identity_review", "person_id": 57, "name": "Śāntideva"}
{"status": "identity_review", "person_id": 58, "name": "Ibn Khaldūn"}
{"status": "identity_review", "person_id": 66, "name": "José Carlos Mariátegui"}
{"status": "identity_review", "person_id": 137, "name": "Iris Murdoch"}
{"status": "identity_review", "person_id": 144, "name": "William James"}
{"status": "identity_review", "person_id": 154, "name": "Isaiah Berlin"}
{"status": "identity_review", "person_id": 160, "name": "Alfred North Whitehead"}
{"status": "identity_review", "person_id": 161, "name": "Bertrand Russell"}
{"status": "identity_review", "person_id": 169, "name": "G. E. Moore"}
{"status": "identity_review", "person_id": 170, "name": "John Dewey"}
{"status": "identity_review", "person_id": 199, "name": "Karl Popper"}
{"status": "identity_review", "person_id": 281, "name": "Voltaire"}
{"status": "identity_review", "person_id": 289, "name": "Denis Diderot"}
{"status": "identity_review", "person_id": 300, "name": "Michel de Montaigne"}
{"status": "provider_error", "error": "{'code': 'maxlag', 'info': 'Waiting for wdqs1012: 8.9333333333333 seconds lagged.', 'host': 'wdqs1012', 'lag': 8.933333333333334, 'type': 'wikibase-queryservice', 'queryserviceLag': 536, 'docref': 'See https://www.wikidata.org/w/api.php for API usage", "person_id": 269, "name": "Albert Camus"}
{"status": "identity_review", "person_id": 344, "name": "Lucretius"}
{"status": "identity_review", "person_id": 345, "name": "Anselm of Canterbury"}
{"status": "identity_review", "person_id": 346, "name": "Augustine of Hippo"}
{"status": "identity_review", "person_id": 347, "name": "Francis Bacon"}
{"status": "identity_review", "person_id": 348, "name": "Epictetus"}
{"status": "identity_review", "person_id": 349, "name": "Niccolò Machiavelli"}
{"status": "identity_review", "person_id": 351, "name": "Plotinus"}
{"status": "identity_review", "person_id": 353, "name": "Thomas Hobbes"}
{"status": "identity_review", "person_id": 354, "name": "Gottfried Wilhelm Leibniz"}
{"status": "identity_review", "person_id": 355, "name": "John Locke"}
{"status": "identity_review", "person_id": 356, "name": "Blaise Pascal"}
{"status": "identity_review", "person_id": 357, "name": "Jean-Jacques Rousseau"}
{"status": "identity_review", "person_id": 359, "name": "Alexis de Tocqueville"}
{"status": "identity_review", "person_id": 362, "name": "Martin Heidegger"}
{"status": "identity_review", "person_id": 363, "name": "Edmund Husserl"}
{"status": "identity_review", "person_id": 364, "name": "Søren Kierkegaard"}
{"status": "identity_review", "person_id": 365, "name": "Karl Marx"}
{"status": "no_unique_identity", "person_id": 367, "name": "Elisabeth of Bohemia"}
{"status": "identity_review", "person_id": 368, "name": "Derek Parfit"}
{"status": "provider_error", "error": "{'code': 'maxlag', 'info': 'Waiting for wdqs1012: 8.9333333333333 seconds lagged.', 'host': 'wdqs1012', 'lag': 8.933333333333334, 'type': 'wikibase-queryservice', 'queryserviceLag': 536, 'docref': 'See https://www.wikidata.org/w/api.php for API usage", "person_id": 358, "name": "Adam Smith"}
{"status": "identity_review", "person_id": 371, "name": "Ronald Dworkin"}
{"status": "identity_review", "person_id": 373, "name": "Alasdair MacIntyre"}
{"status": "identity_review", "person_id": 374, "name": "Bernard Williams"}
{"status": "identity_review", "person_id": 377, "name": "Kwasi Wiredu"}
{"status": "identity_review", "person_id": 378, "name": "Ibn Tufayl"}
{"status": "identity_review", "person_id": 382, "name": "Michel Foucault"}
{"status": "identity_review", "person_id": 434, "name": "Peter Singer"}
{"status": "identity_review", "person_id": 472, "name": "Edmund Burke"}
{"status": "identity_review", "person_id": 479, "name": "Thomas Paine"}
{"status": "identity_review", "person_id": 515, "name": "Marcus Aurelius"}
{"status": "identity_review", "person_id": 516, "name": "Cicero"}
{"status": "identity_review", "person_id": 600, "name": "Dōgen"}
{"status": "identity_review", "person_id": 658, "name": "Han Fei"}
{"status": "identity_review", "person_id": 789, "name": "Jean-Paul Sartre"}
{"status": "identity_review", "person_id": 794, "name": "Montesquieu"}
{"status": "identity_review", "person_id": 807, "name": "Aimé Césaire"}
{"status": "identity_review", "person_id": 825, "name": "Christine de Pizan"}
{"status": "identity_review", "person_id": 888, "name": "Boethius"}
{"status": "identity_review", "person_id": 889, "name": "Hildegard of Bingen"}
{"status": "provider_error", "error": "{'code': 'maxlag', 'info': 'Waiting for wdqs1012: 8.9333333333333 seconds lagged.', 'host': 'wdqs1012', 'lag': 8.933333333333334, 'type': 'wikibase-queryservice', 'queryserviceLag': 536, 'docref': 'See https://www.wikidata.org/w/api.php for API usage", "person_id": 376, "name": "Achille Mbembe"}
{"queued": 100, "processed": 60, "portraits": 0, "states": {"identity_review": 54, "pending": 40, "retryable": 3, "unresolved": 3}, "next_retry": 1790624086.392834}
